// Jest Snapshot v1, https://goo.gl/fbAQLP

exports[`<Flex /> should render a <Flex /> 1`] = `
<styled.div
  _css={
    Object {
      "alignContent": "flex-start",
      "alignItems": "stretch",
      "alignSelf": "auto",
      "display": "flex",
      "justifyContent": "space-between",
    }
  }
/>
`;
