// Jest Snapshot v1, https://goo.gl/fbAQLP

exports[`<Row /> should render a <Row /> 1`] = `
<styled.div
  _css={
    Object {
      "alignContent": "flex-start",
      "alignItems": "stretch",
      "alignSelf": "auto",
      "boxSizing": "border-box",
      "display": "flex",
      "flex": "0 1 auto",
      "flexWrap": "wrap",
      "justifyContent": "space-between",
      "marginLeft": "-0.5em",
      "marginRight": "-0.5em",
    }
  }
/>
`;
