// Jest Snapshot v1, https://goo.gl/fbAQLP

exports[`<Col /> should render a <Col /> 1`] = `
<div
  className="sc-bdVaJa bIezVD"
/>
`;
