// Jest Snapshot v1, https://goo.gl/fbAQLP

exports[`<Container /> should render a <Container /> 1`] = `
<div
  className="sc-bdVaJa kDHesU"
/>
`;
