// Jest Snapshot v1, https://goo.gl/fbAQLP

exports[`query works 1`] = `
Object {
  "@media (min-width: 0)": Object {
    "flexBasis": "100%",
    "maxWidth": "100%",
  },
  "@media (min-width: 48em)": Object {
    "flexBasis": "50%",
    "maxWidth": "50%",
  },
  "@media (min-width: 62em)": Object {
    "flexBasis": "33.33333333333333%",
    "maxWidth": "33.33333333333333%",
  },
}
`;
